// Jest Snapshot v1, https://goo.gl/fbAQLP

exports[`should render correctly 1`] = `
<div>
  <div>
    <Weapon
      name="ROCK"
      onClick={[Function]}
    />
    <Weapon
      name="PAPER"
      onClick={[Function]}
    />
    <Weapon
      name="SCISSORS"
      onClick={[Function]}
    />
  </div>
  <div>
     Choose Weapon 
  </div>
</div>
`;
