// Jest Snapshot v1, https://goo.gl/fbAQLP

exports[`should render correctly 1`] = `
<div>
  <div>
    <ComputerCounter
      name="Cpu 1"
      wins={0}
    />
    <div>
      Player Mode
    </div>
    <ComputerCounter
      name="Cpu 2"
      wins={0}
    />
  </div>
  <Battlefield
    firstName="Cpu 1"
    secondName="Cpu 2"
  />
</div>
`;
