// Jest Snapshot v1, https://goo.gl/fbAQLP

exports[`should render correctly 1`] = `
<div>
  <div>
    <ComputerCounter
      name="You"
      wins={0}
    />
    <div
      onClick={[Function]}
    >
      Reset
    </div>
    <div>
      Simulation Mode
    </div>
    <ComputerCounter
      name="Computer"
      wins={0}
    />
  </div>
  <Battlefield
    firstName="You"
    secondName="Computer"
  />
  <WeaponSelect
    onClick={[Function]}
  />
</div>
`;
